// Jest Snapshot v1, https://goo.gl/fbAQLP

exports[`AddItemForm component renders the complete form 1`] = `
<ErrorBoundary>
  <form
    onSubmit={[Function]}
  >
    <label>
      New Folder:
       
      <input
        id="folderName"
        name="folderName"
        onChange={[Function]}
        placeholder="ex: Awesome folder"
        required={true}
        type="text"
      />
       
    </label>
    <input
      type="submit"
      value="Submit"
    />
  </form>
</ErrorBoundary>
`;
